Informatorio@Informatorio-PC MINGW64 ~/Desktop/informatorio2016/informatorio2016 (master)
$ git init
Reinitialized existing Git repository in C:/Users/Informatorio/Desktop/informatorio2016/informatorio2016/.git/

Informatorio@Informatorio-PC MINGW64 ~/Desktop/informatorio2016/informatorio2016 (master)
$ git status
On branch master

Initial commit

Untracked files:
  (use "git add <file>..." to include in what will be committed)

        C1.py
        C2.py
        FDP-UnidadIII.pdf
        MOD1_EstructurasCondic.pdf
        MOD1_EstructurasSecuenciales.pdf
        Nuevo documento de texto.txt
        UNIDAD II.pdf
        veamos.py

nothing added to commit but untracked files present (use "git add" to track)

Informatorio@Informatorio-PC MINGW64 ~/Desktop/informatorio2016/informatorio2016 (master)
$ git add Nuevo\ documento\ de\ texto.txt

Informatorio@Informatorio-PC MINGW64 ~/Desktop/informatorio2016/informatorio2016 (master)
$ git status
On branch master

Initial commit

Changes to be committed:
  (use "git rm --cached <file>..." to unstage)

        new file:   Nuevo documento de texto.txt

Untracked files:
  (use "git add <file>..." to include in what will be committed)

        C1.py
        C2.py
        FDP-UnidadIII.pdf
        MOD1_EstructurasCondic.pdf
        MOD1_EstructurasSecuenciales.pdf
        UNIDAD II.pdf
        veamos.py


Informatorio@Informatorio-PC MINGW64 ~/Desktop/informatorio2016/informatorio2016 (master)
$ git commit -m "sjhahasjhdasdj"

*** Please tell me who you are.

Run

  git config --global user.email "you@example.com"
  git config --global user.name "Your Name"

to set your account's default identity.
Omit --global to set the identity only in this repository.

fatal: empty ident name (for <(null)>) not allowed

Informatorio@Informatorio-PC MINGW64 ~/Desktop/informatorio2016/informatorio2016 (master)
$ git config --global user.email irina.-cabrera@hotmail.com

Informatorio@Informatorio-PC MINGW64 ~/Desktop/informatorio2016/informatorio2016 (master)
$ git config --global user.name IrinaCabrera

Informatorio@Informatorio-PC MINGW64 ~/Desktop/informatorio2016/informatorio2016 (master)
$ git commit -m "sjhahasjhdasdj"
[master (root-commit) 10d5ebf] sjhahasjhdasdj
 1 file changed, 0 insertions(+), 0 deletions(-)
 create mode 100644 Nuevo documento de texto.txt

Informatorio@Informatorio-PC MINGW64 ~/Desktop/informatorio2016/informatorio2016 (master)
$ git status
On branch master
Your branch is based on 'origin/master', but the upstream is gone.
  (use "git branch --unset-upstream" to fixup)
Untracked files:
  (use "git add <file>..." to include in what will be committed)

        C1.py
        C2.py
        FDP-UnidadIII.pdf
        MOD1_EstructurasCondic.pdf
        MOD1_EstructurasSecuenciales.pdf
        UNIDAD II.pdf
        veamos.py

nothing added to commit but untracked files present (use "git add" to track)

Informatorio@Informatorio-PC MINGW64 ~/Desktop/informatorio2016/informatorio2016 (master)
$ git push Nuevo\ documento\ de\ texto.txt
fatal: Invalid gitfile format: Nuevo documento de texto.txt
fatal: Could not read from remote repository.

Please make sure you have the correct access rights
and the repository exists.

Informatorio@Informatorio-PC MINGW64 ~/Desktop/informatorio2016/informatorio2016 (master)
$

Informatorio@Informatorio-PC MINGW64 ~/Desktop/informatorio2016/informatorio2016 (master)
$ git log
commit 10d5ebf6c26f49f5666da9868daf9d8de9b42bd7
Author: IrinaCabrera <irina.-cabrera@hotmail.com>
Date:   Thu Apr 14 09:27:38 2016 -0300

    sjhahasjhdasdj

Informatorio@Informatorio-PC MINGW64 ~/Desktop/informatorio2016/informatorio2016 (master)
$ git remote add origin https://github.com/IrinaCabrera/informatorio2016.git
fatal: remote origin already exists.

Informatorio@Informatorio-PC MINGW64 ~/Desktop/informatorio2016/informatorio2016 (master)
$ git push -u origin master
Username for 'https://github.com': IrinaCabrera
Counting objects: 3, done.
Delta compression using up to 4 threads.
Compressing objects: 100% (2/2), done.
Writing objects: 100% (3/3), 236 bytes | 0 bytes/s, done.
Total 3 (delta 0), reused 0 (delta 0)
To https://github.com/IrinaCabrera/informatorio2016.git
 * [new branch]      master -> master
Branch master set up to track remote branch master from origin.

Informatorio@Informatorio-PC MINGW64 ~/Desktop/informatorio2016/informatorio2016 (master)
$ git checkout
Your branch is up-to-date with 'origin/master'.

Informatorio@Informatorio-PC MINGW64 ~/Desktop/informatorio2016/informatorio2016 (master)
$ try git help
bash: try: command not found

Informatorio@Informatorio-PC MINGW64 ~/Desktop/informatorio2016/informatorio2016 (master)
$ git help
usage: git [--version] [--help] [-C <path>] [-c name=value]
           [--exec-path[=<path>]] [--html-path] [--man-path] [--info-path]
           [-p | --paginate | --no-pager] [--no-replace-objects] [--bare]
           [--git-dir=<path>] [--work-tree=<path>] [--namespace=<name>]
           <command> [<args>]

These are common Git commands used in various situations:

start a working area (see also: git help tutorial)
   clone      Clone a repository into a new directory
   init       Create an empty Git repository or reinitialize an existing one

work on the current change (see also: git help everyday)
   add        Add file contents to the index
   mv         Move or rename a file, a directory, or a symlink
   reset      Reset current HEAD to the specified state
   rm         Remove files from the working tree and from the index

examine the history and state (see also: git help revisions)
   bisect     Use binary search to find the commit that introduced a bug
   grep       Print lines matching a pattern
   log        Show commit logs
   show       Show various types of objects
   status     Show the working tree status

grow, mark and tweak your common history
   branch     List, create, or delete branches
   checkout   Switch branches or restore working tree files
   commit     Record changes to the repository
   diff       Show changes between commits, commit and working tree, etc
   merge      Join two or more development histories together
   rebase     Reapply commits on top of another base tip
   tag        Create, list, delete or verify a tag object signed with GPG

collaborate (see also: git help workflows)
   fetch      Download objects and refs from another repository
   pull       Fetch from and integrate with another repository or a local branch
   push       Update remote refs along with associated objects

'git help -a' and 'git help -g' list available subcommands and some
concept guides. See 'git help <command>' or 'git help <concept>'
to read about a specific subcommand or concept.

Informatorio@Informatorio-PC MINGW64 ~/Desktop/informatorio2016/informatorio2016 (master)
$
